C51 COMPILER V9.60.7.0   EEPROM                                                            02/06/2026 16:29:40 PAGE 1   


C51 COMPILER V9.60.7.0, COMPILATION OF MODULE EEPROM
OBJECT MODULE PLACED IN .\Objects\eeprom.obj
COMPILER INVOKED BY: D:\Keil MDK\C51\BIN\C51.EXE Driver\eeprom.c OPTIMIZE(8,SPEED) BROWSE INCDIR(.\Objects;.\System;.\Dr
                    -iver) DEBUG OBJECTEXTEND PRINT(.\Listings\eeprom.lst) TABS(2) OBJECT(.\Objects\eeprom.obj)

line level    source

   1          #include <reg52.h>
   2          #include "delay.h"
   3          #include <intrins.h>
   4          
   5          
   6          /* STC89 IAP EEPROM ??? */
   7          sfr IAP_DATA  = 0xC2;
   8          sfr IAP_ADDRH = 0xC3;
   9          sfr IAP_ADDRL = 0xC4;
  10          sfr IAP_CMD   = 0xC5;
  11          sfr IAP_TRIG  = 0xC6;
  12          sfr IAP_CONTR = 0xC7;
  13          
  14          #define ENABLE_IAP 0x80
  15          
  16          void IAP_Idle(void)
  17          {
  18   1          IAP_CONTR = 0;
  19   1          IAP_CMD = 0;
  20   1          IAP_TRIG = 0;
  21   1          IAP_ADDRH = 0;
  22   1          IAP_ADDRL = 0;
  23   1      }
  24          
  25          unsigned char EEPROM_ReadByte(unsigned char addr)
  26          {
  27   1          unsigned char dat;
  28   1      
  29   1          IAP_CONTR = ENABLE_IAP;
  30   1          IAP_CMD = 1;              // ???
  31   1          IAP_ADDRL = addr;
  32   1          IAP_ADDRH = 0;
  33   1          IAP_TRIG = 0x5A;
  34   1          IAP_TRIG = 0xA5;
  35   1          _nop_();
  36   1          dat = IAP_DATA;
  37   1          IAP_Idle();
  38   1      
  39   1          return dat;
  40   1      }
  41          
  42          void EEPROM_WriteByte(unsigned char addr, unsigned char dat)
  43          {
  44   1          IAP_CONTR = ENABLE_IAP;
  45   1          IAP_CMD = 2;              // ???
  46   1          IAP_ADDRL = addr;
  47   1          IAP_ADDRH = 0;
  48   1          IAP_DATA = dat;
  49   1          IAP_TRIG = 0x5A;
  50   1          IAP_TRIG = 0xA5;
  51   1          _nop_();
  52   1          IAP_Idle();
  53   1      
  54   1          DelayMs(10);              // ????
C51 COMPILER V9.60.7.0   EEPROM                                                            02/06/2026 16:29:40 PAGE 2   

  55   1      }


MODULE INFORMATION:   STATIC OVERLAYABLE
   CODE SIZE        =     65    ----
   CONSTANT SIZE    =   ----    ----
   XDATA SIZE       =   ----    ----
   PDATA SIZE       =   ----    ----
   DATA SIZE        =   ----    ----
   IDATA SIZE       =   ----    ----
   BIT SIZE         =   ----    ----
END OF MODULE INFORMATION.


C51 COMPILATION COMPLETE.  0 WARNING(S),  0 ERROR(S)
